Path: /Users/anthonywohns/Documents/mcvean_group/age_inference/importance_sampling/geva/geva_v1beta
Call: --out tmp/test --rec 1e-08 --vcf tmp/test.vcf

No genetic map provided
Calculating genetic distances from constant recombination rate: 1e-08

Loading variant data from VCF file to binary file
<< tmp/test.vcf
>> tmp/test.bin

 Detected sample size: 50 individuals
 Buffer window size: 500000 variants (~23 Mb)

 Running
 Writing output file ... OK
 Done
Process time: 746ms
Elapsed time: 746ms
Loading data
<< tmp/test.bin

 # individuals: 50 (50 phased)
 # variants:    161

This is the end!
Process time: 770ms
Elapsed time: 771ms
